<html>
<body>
<pre>
<h1>µVision Build Log</h1>
<h2>Project:</h2>
C:\Users\Evan\Desktop\STM32F4-workarea\Project\STM32F4xx_StdPeriph_Templates\MDK-ARM\Project.uvproj
Project File Date:  04/29/2016

<h2>Output:</h2>
Build target 'STM324x7I_EVAL'
compiling main.c...
..\main.c(61): warning:  #1296-D: extended constant initialiser used
linking...
Program Size: Code=5192 RO-data=5120 RW-data=736 ZI-data=39440  
FromELF: creating hex file...
".\STM324x7I_EVAL\STM324x7I_EVAL.axf" - 0 Error(s), 1 Warning(s).
Load "C:\\Users\\Evan\\Desktop\\STM32F4-workarea\\Project\\STM32F4xx_StdPeriph_Templates\\MDK-ARM\\STM324x7I_EVAL\\STM324x7I_EVAL.AXF" 
Erase Done.
Programming Done.
Verify OK.
Build target 'STM324x7I_EVAL'
compiling main.c...
..\main.c(61): warning:  #1296-D: extended constant initialiser used
linking...
Program Size: Code=5192 RO-data=5120 RW-data=736 ZI-data=39440  
FromELF: creating hex file...
".\STM324x7I_EVAL\STM324x7I_EVAL.axf" - 0 Error(s), 1 Warning(s).
Load "C:\\Users\\Evan\\Desktop\\STM32F4-workarea\\Project\\STM32F4xx_StdPeriph_Templates\\MDK-ARM\\STM324x7I_EVAL\\STM324x7I_EVAL.AXF" 
Erase Done.
Programming Done.
Verify OK.
Build target 'STM324x7I_EVAL'
compiling main.c...
..\main.c(60): warning:  #1296-D: extended constant initialiser used
compiling usart.c...
linking...
.\STM324x7I_EVAL\STM324x7I_EVAL.axf: Error: L6200E: Symbol received_string multiply defined (by usart.o and main.o).
.\STM324x7I_EVAL\STM324x7I_EVAL.axf: Error: L6200E: Symbol USART_puts multiply defined (by usart.o and main.o).
.\STM324x7I_EVAL\STM324x7I_EVAL.axf: Error: L6200E: Symbol init_USART1 multiply defined (by usart.o and main.o).
Target not created
Build target 'STM324x7I_EVAL'
compiling main.c...
..\main.c(60): warning:  #1296-D: extended constant initialiser used
..\main.c(171): error:  #40: expected an identifier
..\main.c(200): warning: At end of source:  #12-D: parsing restarts here after previous syntax error
..\main.c(200): error: At end of source:  #65: expected a ";"
Target not created
Build target 'STM324x7I_EVAL'
compiling main.c...
..\main.c(60): warning:  #1296-D: extended constant initialiser used
..\main.c(91): warning:  #223-D: function "init_USART1" declared implicitly
..\main.c(92): warning:  #223-D: function "USART_puts" declared implicitly
..\main.c(148): error:  #40: expected an identifier
..\main.c(177): warning: At end of source:  #12-D: parsing restarts here after previous syntax error
..\main.c(177): error: At end of source:  #65: expected a ";"
Target not created
Build target 'STM324x7I_EVAL'
compiling main.c...
..\main.c(42): warning:  #47-D: incompatible redefinition of macro "MAX_STRLEN" (declared at line 5 of "..\usart.h")
..\main.c(61): warning:  #1296-D: extended constant initialiser used
..\main.c(149): error:  #40: expected an identifier
..\main.c(178): warning: At end of source:  #12-D: parsing restarts here after previous syntax error
..\main.c(178): error: At end of source:  #65: expected a ";"
Target not created
Build target 'STM324x7I_EVAL'
compiling main.c...
..\main.c(60): warning:  #1296-D: extended constant initialiser used
..\main.c(147): error:  #40: expected an identifier
..\main.c(176): warning: At end of source:  #12-D: parsing restarts here after previous syntax error
..\main.c(176): error: At end of source:  #65: expected a ";"
Target not created
Build target 'STM324x7I_EVAL'
compiling main.c...
..\main.c(60): warning:  #1296-D: extended constant initialiser used
linking...
.\STM324x7I_EVAL\STM324x7I_EVAL.axf: Error: L6218E: Undefined symbol init_USART2 (referred from main.o).
Target not created
Build target 'STM324x7I_EVAL'
compiling main.c...
..\main.c(60): warning:  #1296-D: extended constant initialiser used
..\main.c(109): warning:  #223-D: function "init_USART2" declared implicitly
linking...
.\STM324x7I_EVAL\STM324x7I_EVAL.axf: Error: L6218E: Undefined symbol init_USART2 (referred from main.o).
Target not created
Build target 'STM324x7I_EVAL'
compiling main.c...
..\main.c(60): warning:  #1296-D: extended constant initialiser used
linking...
Program Size: Code=5188 RO-data=5120 RW-data=736 ZI-data=39456  
FromELF: creating hex file...
".\STM324x7I_EVAL\STM324x7I_EVAL.axf" - 0 Error(s), 1 Warning(s).
Load "C:\\Users\\Evan\\Desktop\\STM32F4-workarea\\Project\\STM32F4xx_StdPeriph_Templates\\MDK-ARM\\STM324x7I_EVAL\\STM324x7I_EVAL.AXF" 
Erase Done.
Programming Done.
Verify OK.
Build target 'STM324x7I_EVAL'
compiling system_stm32f4xx.c...
linking...
Program Size: Code=5188 RO-data=5120 RW-data=736 ZI-data=39456  
FromELF: creating hex file...
".\STM324x7I_EVAL\STM324x7I_EVAL.axf" - 0 Error(s), 0 Warning(s).
Load "C:\\Users\\Evan\\Desktop\\STM32F4-workarea\\Project\\STM32F4xx_StdPeriph_Templates\\MDK-ARM\\STM324x7I_EVAL\\STM324x7I_EVAL.AXF" 
Erase Done.
Programming Done.
Verify OK.
Build target 'STM324x7I_EVAL'
compiling system_stm32f4xx.c...
linking...
Program Size: Code=5188 RO-data=5120 RW-data=736 ZI-data=39456  
FromELF: creating hex file...
".\STM324x7I_EVAL\STM324x7I_EVAL.axf" - 0 Error(s), 0 Warning(s).
Load "C:\\Users\\Evan\\Desktop\\STM32F4-workarea\\Project\\STM32F4xx_StdPeriph_Templates\\MDK-ARM\\STM324x7I_EVAL\\STM324x7I_EVAL.AXF" 
Erase Done.
Programming Done.
Verify OK.
Build target 'STM324x7I_EVAL'
linking...
Program Size: Code=5188 RO-data=5120 RW-data=736 ZI-data=39456  
FromELF: creating hex file...
".\STM324x7I_EVAL\STM324x7I_EVAL.axf" - 0 Error(s), 0 Warning(s).
Load "C:\\Users\\Evan\\Desktop\\STM32F4-workarea\\Project\\STM32F4xx_StdPeriph_Templates\\MDK-ARM\\STM324x7I_EVAL\\STM324x7I_EVAL.AXF" 
Erase Done.
Programming Done.
Verify OK.
Build target 'STM324x7I_EVAL'
compiling system_stm32f4xx.c...
linking...
Program Size: Code=5188 RO-data=5120 RW-data=736 ZI-data=39456  
FromELF: creating hex file...
".\STM324x7I_EVAL\STM324x7I_EVAL.axf" - 0 Error(s), 0 Warning(s).
Load "C:\\Users\\Evan\\Desktop\\STM32F4-workarea\\Project\\STM32F4xx_StdPeriph_Templates\\MDK-ARM\\STM324x7I_EVAL\\STM324x7I_EVAL.AXF" 
Erase Done.
Programming Done.
Verify OK.
Build target 'STM324x7I_EVAL'
compiling main.c...
..\main.c(60): warning:  #1296-D: extended constant initialiser used
compiling usart.c...
linking...
Program Size: Code=5188 RO-data=5120 RW-data=736 ZI-data=39456  
FromELF: creating hex file...
".\STM324x7I_EVAL\STM324x7I_EVAL.axf" - 0 Error(s), 1 Warning(s).
Load "C:\\Users\\Evan\\Desktop\\STM32F4-workarea\\Project\\STM32F4xx_StdPeriph_Templates\\MDK-ARM\\STM324x7I_EVAL\\STM324x7I_EVAL.AXF" 
Erase Done.
Programming Done.
Verify OK.
Build target 'STM324x7I_EVAL'
compiling main.c...
..\main.c(61): warning:  #1296-D: extended constant initialiser used
linking...
Program Size: Code=5192 RO-data=5120 RW-data=736 ZI-data=39456  
FromELF: creating hex file...
".\STM324x7I_EVAL\STM324x7I_EVAL.axf" - 0 Error(s), 1 Warning(s).
Build target 'STM324x7I_EVAL'
linking...
Program Size: Code=5192 RO-data=5120 RW-data=736 ZI-data=39456  
FromELF: creating hex file...
".\STM324x7I_EVAL\STM324x7I_EVAL.axf" - 0 Error(s), 0 Warning(s).
Load "C:\\Users\\Evan\\Desktop\\STM32F4-workarea\\Project\\STM32F4xx_StdPeriph_Templates\\MDK-ARM\\STM324x7I_EVAL\\STM324x7I_EVAL.AXF" 
Erase Done.
Programming Done.
Verify OK.
Build target 'STM324x7I_EVAL'
compiling main.c...
..\main.c(61): warning:  #1296-D: extended constant initialiser used
linking...
Program Size: Code=5192 RO-data=5120 RW-data=736 ZI-data=39456  
FromELF: creating hex file...
".\STM324x7I_EVAL\STM324x7I_EVAL.axf" - 0 Error(s), 1 Warning(s).
Load "C:\\Users\\Evan\\Desktop\\STM32F4-workarea\\Project\\STM32F4xx_StdPeriph_Templates\\MDK-ARM\\STM324x7I_EVAL\\STM324x7I_EVAL.AXF" 
Erase Done.
Programming Done.
Verify OK.
Build target 'STM324x7I_EVAL'
compiling main.c...
..\main.c(63): warning:  #1296-D: extended constant initialiser used
linking...
Program Size: Code=5176 RO-data=5120 RW-data=736 ZI-data=39456  
FromELF: creating hex file...
".\STM324x7I_EVAL\STM324x7I_EVAL.axf" - 0 Error(s), 1 Warning(s).
Load "C:\\Users\\Evan\\Desktop\\STM32F4-workarea\\Project\\STM32F4xx_StdPeriph_Templates\\MDK-ARM\\STM324x7I_EVAL\\STM324x7I_EVAL.AXF" 
Erase Done.
Programming Done.
Verify OK.
Build target 'STM324x7I_EVAL'
compiling main.c...
..\main.c(63): warning:  #1296-D: extended constant initialiser used
linking...
Program Size: Code=5172 RO-data=5120 RW-data=736 ZI-data=39456  
FromELF: creating hex file...
".\STM324x7I_EVAL\STM324x7I_EVAL.axf" - 0 Error(s), 1 Warning(s).
Load "C:\\Users\\Evan\\Desktop\\STM32F4-workarea\\Project\\STM32F4xx_StdPeriph_Templates\\MDK-ARM\\STM324x7I_EVAL\\STM324x7I_EVAL.AXF" 
Erase Done.
Programming Done.
Verify OK.
Build target 'STM324x7I_EVAL'
compiling main.c...
..\main.c(63): warning:  #1296-D: extended constant initialiser used
..\main.c(129): error:  #11-D: unrecognized preprocessing directive
Target not created
Load "C:\\Users\\Evan\\Desktop\\STM32F4-workarea\\Project\\STM32F4xx_StdPeriph_Templates\\MDK-ARM\\STM324x7I_EVAL\\STM324x7I_EVAL.AXF" 
_____^
*** error 56: cannot open file
Build target 'STM324x7I_EVAL'
compiling main.c...
..\main.c(63): warning:  #1296-D: extended constant initialiser used
..\main.c(129): error:  #11-D: unrecognized preprocessing directive
Target not created
Build target 'STM324x7I_EVAL'
compiling main.c...
..\main.c(63): warning:  #1296-D: extended constant initialiser used
linking...
Program Size: Code=5148 RO-data=5120 RW-data=736 ZI-data=39456  
FromELF: creating hex file...
".\STM324x7I_EVAL\STM324x7I_EVAL.axf" - 0 Error(s), 1 Warning(s).
Load "C:\\Users\\Evan\\Desktop\\STM32F4-workarea\\Project\\STM32F4xx_StdPeriph_Templates\\MDK-ARM\\STM324x7I_EVAL\\STM324x7I_EVAL.AXF" 
Erase Done.
Programming Done.
Verify OK.
Build target 'STM324x7I_EVAL'
compiling main.c...
..\main.c(63): warning:  #1296-D: extended constant initialiser used
linking...
Program Size: Code=5172 RO-data=5120 RW-data=736 ZI-data=39456  
FromELF: creating hex file...
".\STM324x7I_EVAL\STM324x7I_EVAL.axf" - 0 Error(s), 1 Warning(s).
Build target 'STM324x7I_EVAL'
linking...
Program Size: Code=5172 RO-data=5120 RW-data=736 ZI-data=39456  
FromELF: creating hex file...
".\STM324x7I_EVAL\STM324x7I_EVAL.axf" - 0 Error(s), 0 Warning(s).
Load "C:\\Users\\Evan\\Desktop\\STM32F4-workarea\\Project\\STM32F4xx_StdPeriph_Templates\\MDK-ARM\\STM324x7I_EVAL\\STM324x7I_EVAL.AXF" 
Erase Done.
Programming Done.
Verify OK.
Build target 'STM324x7I_EVAL'
compiling main.c...
..\main.c(63): warning:  #1296-D: extended constant initialiser used
linking...
Program Size: Code=5176 RO-data=5120 RW-data=736 ZI-data=39456  
FromELF: creating hex file...
".\STM324x7I_EVAL\STM324x7I_EVAL.axf" - 0 Error(s), 1 Warning(s).
Load "C:\\Users\\Evan\\Desktop\\STM32F4-workarea\\Project\\STM32F4xx_StdPeriph_Templates\\MDK-ARM\\STM324x7I_EVAL\\STM324x7I_EVAL.AXF" 
Erase Done.
Programming Done.
Verify OK.
Build target 'STM324x7I_EVAL'
compiling usart.c...
linking...
Program Size: Code=5368 RO-data=5120 RW-data=736 ZI-data=39456  
FromELF: creating hex file...
".\STM324x7I_EVAL\STM324x7I_EVAL.axf" - 0 Error(s), 0 Warning(s).
Build target 'STM324x7I_EVAL'
compiling usart.c...
linking...
Program Size: Code=5368 RO-data=5120 RW-data=736 ZI-data=39456  
FromELF: creating hex file...
".\STM324x7I_EVAL\STM324x7I_EVAL.axf" - 0 Error(s), 0 Warning(s).
Build target 'STM324x7I_EVAL'
compiling main.c...
..\main.c(63): warning:  #1296-D: extended constant initialiser used
linking...
Program Size: Code=5320 RO-data=5120 RW-data=736 ZI-data=39456  
FromELF: creating hex file...
".\STM324x7I_EVAL\STM324x7I_EVAL.axf" - 0 Error(s), 1 Warning(s).
Load "C:\\Users\\Evan\\Desktop\\STM32F4-workarea\\Project\\STM32F4xx_StdPeriph_Templates\\MDK-ARM\\STM324x7I_EVAL\\STM324x7I_EVAL.AXF" 
Erase Done.
Programming Done.
Verify OK.
Build target 'STM324x7I_EVAL'
compiling main.c...
..\main.c(63): warning:  #1296-D: extended constant initialiser used
compiling usart.c...
linking...
Program Size: Code=5340 RO-data=5120 RW-data=736 ZI-data=39456  
FromELF: creating hex file...
".\STM324x7I_EVAL\STM324x7I_EVAL.axf" - 0 Error(s), 1 Warning(s).
Build target 'STM324x7I_EVAL'
compiling usart.c...
..\usart.c(113): error:  #18: expected a ")"
..\usart.c(113): error:  #20: identifier "screenBuffer" is undefined
Target not created
Build target 'STM324x7I_EVAL'
compiling dcmi_ov9655.c...
compiling usart.c...
..\usart.c(114): error:  #18: expected a ")"
..\usart.c(114): error:  #167: argument of type "volatile char *" is incompatible with parameter of type "uint16_t"
Target not created
Build target 'STM324x7I_EVAL'
compiling usart.c...
linking...
Program Size: Code=5340 RO-data=5120 RW-data=736 ZI-data=39456  
FromELF: creating hex file...
".\STM324x7I_EVAL\STM324x7I_EVAL.axf" - 0 Error(s), 0 Warning(s).
Build target 'STM324x7I_EVAL'
compiling usart.c...
linking...
Program Size: Code=5396 RO-data=5120 RW-data=736 ZI-data=39456  
FromELF: creating hex file...
".\STM324x7I_EVAL\STM324x7I_EVAL.axf" - 0 Error(s), 0 Warning(s).
Build target 'STM324x7I_EVAL'
compiling usart.c...
linking...
Program Size: Code=5396 RO-data=5120 RW-data=736 ZI-data=39456  
FromELF: creating hex file...
".\STM324x7I_EVAL\STM324x7I_EVAL.axf" - 0 Error(s), 0 Warning(s).
Load "C:\\Users\\Evan\\Desktop\\STM32F4-workarea\\Project\\STM32F4xx_StdPeriph_Templates\\MDK-ARM\\STM324x7I_EVAL\\STM324x7I_EVAL.AXF" 
Erase Done.
Programming Done.
Verify OK.
Build target 'STM324x7I_EVAL'
compiling usart.c...
linking...
Program Size: Code=5400 RO-data=5120 RW-data=736 ZI-data=39456  
FromELF: creating hex file...
".\STM324x7I_EVAL\STM324x7I_EVAL.axf" - 0 Error(s), 0 Warning(s).
Load "C:\\Users\\Evan\\Desktop\\STM32F4-workarea\\Project\\STM32F4xx_StdPeriph_Templates\\MDK-ARM\\STM324x7I_EVAL\\STM324x7I_EVAL.AXF" 
Erase Done.
Programming Done.
Verify OK.
Build target 'STM324x7I_EVAL'
compiling usart.c...
linking...
Program Size: Code=5400 RO-data=5120 RW-data=736 ZI-data=39456  
FromELF: creating hex file...
".\STM324x7I_EVAL\STM324x7I_EVAL.axf" - 0 Error(s), 0 Warning(s).
Load "C:\\Users\\Evan\\Desktop\\STM32F4-workarea\\Project\\STM32F4xx_StdPeriph_Templates\\MDK-ARM\\STM324x7I_EVAL\\STM324x7I_EVAL.AXF" 
Erase Done.
Programming Done.
Verify OK.
Build target 'STM324x7I_EVAL'
compiling usart.c...
linking...
Program Size: Code=5400 RO-data=5120 RW-data=736 ZI-data=39456  
FromELF: creating hex file...
".\STM324x7I_EVAL\STM324x7I_EVAL.axf" - 0 Error(s), 0 Warning(s).
Load "C:\\Users\\Evan\\Desktop\\STM32F4-workarea\\Project\\STM32F4xx_StdPeriph_Templates\\MDK-ARM\\STM324x7I_EVAL\\STM324x7I_EVAL.AXF" 
Erase Done.
Programming Done.
Verify OK.
Build target 'STM324x7I_EVAL'
compiling dcmi_ov9655.c...
linking...
Program Size: Code=5400 RO-data=5120 RW-data=736 ZI-data=39456  
FromELF: creating hex file...
".\STM324x7I_EVAL\STM324x7I_EVAL.axf" - 0 Error(s), 0 Warning(s).
Load "C:\\Users\\Evan\\Desktop\\STM32F4-workarea\\Project\\STM32F4xx_StdPeriph_Templates\\MDK-ARM\\STM324x7I_EVAL\\STM324x7I_EVAL.AXF" 
Erase Done.
Programming Done.
Verify OK.
Build target 'STM324x7I_EVAL'
compiling usart.c...
linking...
Program Size: Code=5400 RO-data=5120 RW-data=736 ZI-data=39456  
FromELF: creating hex file...
".\STM324x7I_EVAL\STM324x7I_EVAL.axf" - 0 Error(s), 0 Warning(s).
Load "C:\\Users\\Evan\\Desktop\\STM32F4-workarea\\Project\\STM32F4xx_StdPeriph_Templates\\MDK-ARM\\STM324x7I_EVAL\\STM324x7I_EVAL.AXF" 
Erase Done.
Programming Done.
Verify OK.
Build target 'STM324x7I_EVAL'
linking...
Program Size: Code=5400 RO-data=5120 RW-data=736 ZI-data=39456  
FromELF: creating hex file...
".\STM324x7I_EVAL\STM324x7I_EVAL.axf" - 0 Error(s), 0 Warning(s).
Load "C:\\Users\\Evan\\Desktop\\STM32F4-workarea\\Project\\STM32F4xx_StdPeriph_Templates\\MDK-ARM\\STM324x7I_EVAL\\STM324x7I_EVAL.AXF" 
Erase Done.
Programming Done.
Verify OK.
Build target 'STM324x7I_EVAL'
linking...
Program Size: Code=5400 RO-data=5120 RW-data=736 ZI-data=39456  
FromELF: creating hex file...
".\STM324x7I_EVAL\STM324x7I_EVAL.axf" - 0 Error(s), 0 Warning(s).
Load "C:\\Users\\Evan\\Desktop\\STM32F4-workarea\\Project\\STM32F4xx_StdPeriph_Templates\\MDK-ARM\\STM324x7I_EVAL\\STM324x7I_EVAL.AXF" 
Erase Done.
Programming Done.
Verify OK.
Build target 'STM324x7I_EVAL'
compiling usart.c...
linking...
Program Size: Code=5400 RO-data=5120 RW-data=736 ZI-data=39456  
FromELF: creating hex file...
".\STM324x7I_EVAL\STM324x7I_EVAL.axf" - 0 Error(s), 0 Warning(s).
Load "C:\\Users\\Evan\\Desktop\\STM32F4-workarea\\Project\\STM32F4xx_StdPeriph_Templates\\MDK-ARM\\STM324x7I_EVAL\\STM324x7I_EVAL.AXF" 
Erase Done.
Programming Done.
Verify OK.
Build target 'STM324x7I_EVAL'
compiling usart.c...
..\usart.c(133): warning:  #177-D: variable "cnt" was declared but never referenced
linking...
Program Size: Code=5352 RO-data=5120 RW-data=736 ZI-data=39440  
FromELF: creating hex file...
".\STM324x7I_EVAL\STM324x7I_EVAL.axf" - 0 Error(s), 1 Warning(s).
Load "C:\\Users\\Evan\\Desktop\\STM32F4-workarea\\Project\\STM32F4xx_StdPeriph_Templates\\MDK-ARM\\STM324x7I_EVAL\\STM324x7I_EVAL.AXF" 
Erase Done.
Programming Done.
Verify OK.
Load "C:\\Users\\Evan\\Desktop\\STM32F4-workarea\\Project\\STM32F4xx_StdPeriph_Templates\\MDK-ARM\\STM324x7I_EVAL\\STM324x7I_EVAL.AXF" 
Erase Done.
Programming Done.
Verify OK.
Build target 'STM324x7I_EVAL'
compiling usart.c...
..\usart.c(133): warning:  #177-D: variable "cnt" was declared but never referenced
linking...
Program Size: Code=5352 RO-data=5120 RW-data=736 ZI-data=39440  
FromELF: creating hex file...
".\STM324x7I_EVAL\STM324x7I_EVAL.axf" - 0 Error(s), 1 Warning(s).
Build target 'STM324x7I_EVAL'
compiling usart.c...
..\usart.c(133): warning:  #177-D: variable "cnt" was declared but never referenced
linking...
Program Size: Code=5352 RO-data=5120 RW-data=736 ZI-data=39440  
FromELF: creating hex file...
".\STM324x7I_EVAL\STM324x7I_EVAL.axf" - 0 Error(s), 1 Warning(s).
Load "C:\\Users\\Evan\\Desktop\\STM32F4-workarea\\Project\\STM32F4xx_StdPeriph_Templates\\MDK-ARM\\STM324x7I_EVAL\\STM324x7I_EVAL.AXF" 
Erase Done.
Programming Done.
Verify OK.
Build target 'STM324x7I_EVAL'
compiling main.c...
..\main.c(63): warning:  #1296-D: extended constant initialiser used
..\main.c(145): warning:  #223-D: function "USART_send_frame" declared implicitly
compiling usart.c...
..\usart.c(142): warning:  #9-D: nested comment is not allowed
linking...
Program Size: Code=5364 RO-data=5120 RW-data=736 ZI-data=39448  
FromELF: creating hex file...
".\STM324x7I_EVAL\STM324x7I_EVAL.axf" - 0 Error(s), 3 Warning(s).
Load "C:\\Users\\Evan\\Desktop\\STM32F4-workarea\\Project\\STM32F4xx_StdPeriph_Templates\\MDK-ARM\\STM324x7I_EVAL\\STM324x7I_EVAL.AXF" 
Erase Done.
Programming Done.
Verify OK.
