<html>
<body>
<pre>
<h1>µVision Build Log</h1>
<h2>Project:</h2>
C:\Users\Evan\Desktop\STM32F4-workarea\Project\STM32F4xx_StdPeriph_Templates\MDK-ARM\Project.uvproj
Project File Date:  04/29/2016

<h2>Output:</h2>
Build target 'STM324x7I_EVAL'
linking...
Program Size: Code=4680 RO-data=5120 RW-data=732 ZI-data=1044  
FromELF: creating hex file...
".\STM324x7I_EVAL\STM324x7I_EVAL.axf" - 0 Error(s), 0 Warning(s).
Build target 'STM324x7I_EVAL'
compiling main.c...
..\main.c(155): warning:  #177-D: function "ADC_Config" was declared but never referenced
linking...
Program Size: Code=4696 RO-data=5120 RW-data=732 ZI-data=1044  
FromELF: creating hex file...
".\STM324x7I_EVAL\STM324x7I_EVAL.axf" - 0 Error(s), 1 Warning(s).
Load "C:\\Users\\Evan\\Desktop\\STM32F4-workarea\\Project\\STM32F4xx_StdPeriph_Templates\\MDK-ARM\\STM324x7I_EVAL\\STM324x7I_EVAL.AXF" 
Erase Done.
Programming Done.
Verify OK.
Build target 'STM324x7I_EVAL'
compiling main.c...
..\main.c(156): warning:  #177-D: function "ADC_Config" was declared but never referenced
linking...
Program Size: Code=4700 RO-data=5120 RW-data=732 ZI-data=1044  
FromELF: creating hex file...
".\STM324x7I_EVAL\STM324x7I_EVAL.axf" - 0 Error(s), 1 Warning(s).
Load "C:\\Users\\Evan\\Desktop\\STM32F4-workarea\\Project\\STM32F4xx_StdPeriph_Templates\\MDK-ARM\\STM324x7I_EVAL\\STM324x7I_EVAL.AXF" 
Erase Done.
Programming Done.
Verify OK.
Build target 'STM324x7I_EVAL'
compiling main.c...
..\main.c(156): warning:  #177-D: function "ADC_Config" was declared but never referenced
linking...
Program Size: Code=4712 RO-data=5120 RW-data=732 ZI-data=1044  
FromELF: creating hex file...
".\STM324x7I_EVAL\STM324x7I_EVAL.axf" - 0 Error(s), 1 Warning(s).
Load "C:\\Users\\Evan\\Desktop\\STM32F4-workarea\\Project\\STM32F4xx_StdPeriph_Templates\\MDK-ARM\\STM324x7I_EVAL\\STM324x7I_EVAL.AXF" 
Erase Done.
Programming Done.
Verify OK.
Build target 'STM324x7I_EVAL'
compiling main.c...
..\main.c(157): warning:  #177-D: function "ADC_Config" was declared but never referenced
linking...
Program Size: Code=4644 RO-data=5120 RW-data=740 ZI-data=1044  
FromELF: creating hex file...
".\STM324x7I_EVAL\STM324x7I_EVAL.axf" - 0 Error(s), 1 Warning(s).
Load "C:\\Users\\Evan\\Desktop\\STM32F4-workarea\\Project\\STM32F4xx_StdPeriph_Templates\\MDK-ARM\\STM324x7I_EVAL\\STM324x7I_EVAL.AXF" 
Erase Done.
Programming Done.
Verify OK.
Build target 'STM324x7I_EVAL'
compiling main.c...
..\main.c(57): error:  #144: a value of type "int" cannot be used to initialize an entity of type "uint32_t *"
..\main.c(129): error:  #513: a value of type "int" cannot be assigned to an entity of type "uint32_t *"
..\main.c(159): warning:  #177-D: function "ADC_Config" was declared but never referenced
Target not created
Build target 'STM324x7I_EVAL'
compiling main.c...
..\main.c(58): error:  #144: a value of type "int" cannot be used to initialize an entity of type "uint32_t *"
..\main.c(131): error:  #513: a value of type "uint32_t" cannot be assigned to an entity of type "uint32_t *"
..\main.c(161): warning:  #177-D: function "ADC_Config" was declared but never referenced
Target not created
Build target 'STM324x7I_EVAL'
compiling main.c...
..\main.c(58): error:  #144: a value of type "int" cannot be used to initialize an entity of type "uint32_t *"
..\main.c(131): error:  #513: a value of type "uint32_t" cannot be assigned to an entity of type "uint32_t *"
..\main.c(161): warning:  #177-D: function "ADC_Config" was declared but never referenced
Target not created
Build target 'STM324x7I_EVAL'
compiling main.c...
..\main.c(58): error:  #144: a value of type "uint32_t" cannot be used to initialize an entity of type "uint32_t *"
..\main.c(131): error:  #513: a value of type "uint32_t" cannot be assigned to an entity of type "uint32_t *"
..\main.c(161): warning:  #177-D: function "ADC_Config" was declared but never referenced
Target not created
Build target 'STM324x7I_EVAL'
compiling main.c...
..\main.c(131): error:  #513: a value of type "uint32_t" cannot be assigned to an entity of type "uint32_t *"
..\main.c(161): warning:  #177-D: function "ADC_Config" was declared but never referenced
Target not created
Build target 'STM324x7I_EVAL'
compiling main.c...
..\main.c(161): warning:  #177-D: function "ADC_Config" was declared but never referenced
linking...
Program Size: Code=4656 RO-data=5120 RW-data=748 ZI-data=1044  
FromELF: creating hex file...
".\STM324x7I_EVAL\STM324x7I_EVAL.axf" - 0 Error(s), 1 Warning(s).
Load "C:\\Users\\Evan\\Desktop\\STM32F4-workarea\\Project\\STM32F4xx_StdPeriph_Templates\\MDK-ARM\\STM324x7I_EVAL\\STM324x7I_EVAL.AXF" 
Erase Done.
Programming Done.
Verify OK.
Build target 'STM324x7I_EVAL'
compiling main.c...
..\main.c(130): error:  #513: a value of type "uint32_t *" cannot be assigned to an entity of type "uint32_t"
..\main.c(160): warning:  #177-D: function "ADC_Config" was declared but never referenced
Target not created
Build target 'STM324x7I_EVAL'
compiling main.c...
..\main.c(160): warning:  #177-D: function "ADC_Config" was declared but never referenced
linking...
Program Size: Code=4648 RO-data=5120 RW-data=744 ZI-data=1040  
FromELF: creating hex file...
".\STM324x7I_EVAL\STM324x7I_EVAL.axf" - 0 Error(s), 1 Warning(s).
Load "C:\\Users\\Evan\\Desktop\\STM32F4-workarea\\Project\\STM32F4xx_StdPeriph_Templates\\MDK-ARM\\STM324x7I_EVAL\\STM324x7I_EVAL.AXF" 
Erase Done.
Programming Done.
Verify OK.
Build target 'STM324x7I_EVAL'
compiling main.c...
..\main.c(160): warning:  #177-D: function "ADC_Config" was declared but never referenced
linking...
Program Size: Code=4648 RO-data=5120 RW-data=744 ZI-data=1040  
FromELF: creating hex file...
".\STM324x7I_EVAL\STM324x7I_EVAL.axf" - 0 Error(s), 1 Warning(s).
Load "C:\\Users\\Evan\\Desktop\\STM32F4-workarea\\Project\\STM32F4xx_StdPeriph_Templates\\MDK-ARM\\STM324x7I_EVAL\\STM324x7I_EVAL.AXF" 
Erase Done.
Programming Done.
Verify OK.
Build target 'STM324x7I_EVAL'
compiling main.c...
..\main.c(160): warning:  #177-D: function "ADC_Config" was declared but never referenced
compiling dcmi_ov9655.c...
..\dcmi_ov9655.c(504): warning:  #550-D: variable "DMA_InitStructure" was set but never used
linking...
Program Size: Code=4488 RO-data=5120 RW-data=748 ZI-data=1044  
FromELF: creating hex file...
".\STM324x7I_EVAL\STM324x7I_EVAL.axf" - 0 Error(s), 2 Warning(s).
Load "C:\\Users\\Evan\\Desktop\\STM32F4-workarea\\Project\\STM32F4xx_StdPeriph_Templates\\MDK-ARM\\STM324x7I_EVAL\\STM324x7I_EVAL.AXF" 
Erase Done.
Programming Done.
Verify OK.
Build target 'STM324x7I_EVAL'
compiling main.c...
..\main.c(160): warning:  #177-D: function "ADC_Config" was declared but never referenced
linking...
Program Size: Code=4488 RO-data=5120 RW-data=748 ZI-data=1044  
FromELF: creating hex file...
".\STM324x7I_EVAL\STM324x7I_EVAL.axf" - 0 Error(s), 1 Warning(s).
Load "C:\\Users\\Evan\\Desktop\\STM32F4-workarea\\Project\\STM32F4xx_StdPeriph_Templates\\MDK-ARM\\STM324x7I_EVAL\\STM324x7I_EVAL.AXF" 
Erase Done.
Programming Done.
Verify OK.
Build target 'STM324x7I_EVAL'
compiling main.c...
..\main.c(151): error:  #29: expected an expression
..\main.c(151): error:  #20: identifier "j" is undefined
..\main.c(170): warning:  #177-D: function "ADC_Config" was declared but never referenced
compiling dcmi_ov9655.c...
Target not created
Build target 'STM324x7I_EVAL'
compiling main.c...
..\main.c(171): warning:  #177-D: function "ADC_Config" was declared but never referenced
linking...
Program Size: Code=4668 RO-data=5120 RW-data=732 ZI-data=1044  
FromELF: creating hex file...
".\STM324x7I_EVAL\STM324x7I_EVAL.axf" - 0 Error(s), 1 Warning(s).
Load "C:\\Users\\Evan\\Desktop\\STM32F4-workarea\\Project\\STM32F4xx_StdPeriph_Templates\\MDK-ARM\\STM324x7I_EVAL\\STM324x7I_EVAL.AXF" 
Erase Done.
Programming Done.
Verify OK.
Build target 'STM324x7I_EVAL'
compiling main.c...
..\main.c(156): error:  #268: declaration may not appear after executable statement in block
..\main.c(156): error:  #20: identifier "G" is undefined
..\main.c(157): error:  #79: expected a type specifier
..\main.c(171): warning:  #177-D: function "ADC_Config" was declared but never referenced
Target not created
Build target 'STM324x7I_EVAL'
compiling main.c...
..\main.c(171): warning:  #177-D: function "ADC_Config" was declared but never referenced
linking...
Program Size: Code=4648 RO-data=5120 RW-data=732 ZI-data=1044  
FromELF: creating hex file...
".\STM324x7I_EVAL\STM324x7I_EVAL.axf" - 0 Error(s), 1 Warning(s).
Load "C:\\Users\\Evan\\Desktop\\STM32F4-workarea\\Project\\STM32F4xx_StdPeriph_Templates\\MDK-ARM\\STM324x7I_EVAL\\STM324x7I_EVAL.AXF" 
Erase Done.
Programming Done.
Verify OK.
Build target 'STM324x7I_EVAL'
compiling main.c...
..\main.c(171): warning:  #177-D: function "ADC_Config" was declared but never referenced
linking...
Program Size: Code=4648 RO-data=5120 RW-data=732 ZI-data=1044  
FromELF: creating hex file...
".\STM324x7I_EVAL\STM324x7I_EVAL.axf" - 0 Error(s), 1 Warning(s).
Load "C:\\Users\\Evan\\Desktop\\STM32F4-workarea\\Project\\STM32F4xx_StdPeriph_Templates\\MDK-ARM\\STM324x7I_EVAL\\STM324x7I_EVAL.AXF" 
Erase Done.
Programming Done.
Verify OK.
Build target 'STM324x7I_EVAL'
compiling dcmi_ov9655.c...
linking...
Program Size: Code=4640 RO-data=5120 RW-data=732 ZI-data=1044  
FromELF: creating hex file...
".\STM324x7I_EVAL\STM324x7I_EVAL.axf" - 0 Error(s), 0 Warning(s).
Load "C:\\Users\\Evan\\Desktop\\STM32F4-workarea\\Project\\STM32F4xx_StdPeriph_Templates\\MDK-ARM\\STM324x7I_EVAL\\STM324x7I_EVAL.AXF" 
Erase Done.
Programming Done.
Verify OK.
Build target 'STM324x7I_EVAL'
compiling main.c...
..\main.c(156): warning:  #223-D: function "PIO_WriteBit" declared implicitly
..\main.c(171): warning:  #177-D: function "ADC_Config" was declared but never referenced
linking...
.\STM324x7I_EVAL\STM324x7I_EVAL.axf: Error: L6218E: Undefined symbol PIO_WriteBit (referred from main.o).
Target not created
Build target 'STM324x7I_EVAL'
linking...
.\STM324x7I_EVAL\STM324x7I_EVAL.axf: Error: L6218E: Undefined symbol PIO_WriteBit (referred from main.o).
Target not created
Build target 'STM324x7I_EVAL'
compiling main.c...
..\main.c(171): warning:  #177-D: function "ADC_Config" was declared but never referenced
linking...
Program Size: Code=4660 RO-data=5120 RW-data=732 ZI-data=1044  
FromELF: creating hex file...
".\STM324x7I_EVAL\STM324x7I_EVAL.axf" - 0 Error(s), 1 Warning(s).
Load "C:\\Users\\Evan\\Desktop\\STM32F4-workarea\\Project\\STM32F4xx_StdPeriph_Templates\\MDK-ARM\\STM324x7I_EVAL\\STM324x7I_EVAL.AXF" 
Erase Done.
Programming Done.
Verify OK.
Load "C:\\Users\\Evan\\Desktop\\STM32F4-workarea\\Project\\STM32F4xx_StdPeriph_Templates\\MDK-ARM\\STM324x7I_EVAL\\STM324x7I_EVAL.AXF" 
Erase Done.
Programming Done.
Verify OK.
Build target 'STM324x7I_EVAL'
linking...
Program Size: Code=4660 RO-data=5120 RW-data=732 ZI-data=1044  
FromELF: creating hex file...
".\STM324x7I_EVAL\STM324x7I_EVAL.axf" - 0 Error(s), 0 Warning(s).
Build target 'STM324x7I_EVAL'
compiling main.c...
..\main.c(172): warning:  #177-D: function "ADC_Config" was declared but never referenced
linking...
Program Size: Code=4676 RO-data=5120 RW-data=732 ZI-data=1044  
FromELF: creating hex file...
".\STM324x7I_EVAL\STM324x7I_EVAL.axf" - 0 Error(s), 1 Warning(s).
Build target 'STM324x7I_EVAL'
compiling main.c...
..\main.c(172): warning:  #177-D: function "ADC_Config" was declared but never referenced
linking...
Program Size: Code=4628 RO-data=5120 RW-data=728 ZI-data=1040  
FromELF: creating hex file...
".\STM324x7I_EVAL\STM324x7I_EVAL.axf" - 0 Error(s), 1 Warning(s).
Load "C:\\Users\\Evan\\Desktop\\STM32F4-workarea\\Project\\STM32F4xx_StdPeriph_Templates\\MDK-ARM\\STM324x7I_EVAL\\STM324x7I_EVAL.AXF" 
Erase Done.
Programming Done.
Verify OK.
Load "C:\\Users\\Evan\\Desktop\\STM32F4-workarea\\Project\\STM32F4xx_StdPeriph_Templates\\MDK-ARM\\STM324x7I_EVAL\\STM324x7I_EVAL.AXF" 
Erase Done.
Programming Done.
Verify OK.
Build target 'STM324x7I_EVAL'
compiling dcmi_ov9655.c...
linking...
Program Size: Code=4624 RO-data=5120 RW-data=728 ZI-data=1040  
FromELF: creating hex file...
".\STM324x7I_EVAL\STM324x7I_EVAL.axf" - 0 Error(s), 0 Warning(s).
Load "C:\\Users\\Evan\\Desktop\\STM32F4-workarea\\Project\\STM32F4xx_StdPeriph_Templates\\MDK-ARM\\STM324x7I_EVAL\\STM324x7I_EVAL.AXF" 
Erase Done.
Programming Done.
Verify OK.
Build target 'STM324x7I_EVAL'
compiling dcmi_ov9655.c...
linking...
Program Size: Code=4624 RO-data=5120 RW-data=728 ZI-data=1040  
FromELF: creating hex file...
".\STM324x7I_EVAL\STM324x7I_EVAL.axf" - 0 Error(s), 0 Warning(s).
Build target 'STM324x7I_EVAL'
compiling main.c...
..\main.c(172): warning:  #177-D: function "ADC_Config" was declared but never referenced
compiling dcmi_ov9655.c...
linking...
Program Size: Code=4624 RO-data=5120 RW-data=728 ZI-data=1040  
FromELF: creating hex file...
".\STM324x7I_EVAL\STM324x7I_EVAL.axf" - 0 Error(s), 1 Warning(s).
Load "C:\\Users\\Evan\\Desktop\\STM32F4-workarea\\Project\\STM32F4xx_StdPeriph_Templates\\MDK-ARM\\STM324x7I_EVAL\\STM324x7I_EVAL.AXF" 
Erase Done.
Programming Done.
Verify OK.
Build target 'STM324x7I_EVAL'
compiling main.c...
..\main.c(173): warning:  #177-D: function "ADC_Config" was declared but never referenced
compiling dcmi_ov9655.c...
linking...
Program Size: Code=4624 RO-data=5120 RW-data=728 ZI-data=1040  
FromELF: creating hex file...
".\STM324x7I_EVAL\STM324x7I_EVAL.axf" - 0 Error(s), 1 Warning(s).
Build target 'STM324x7I_EVAL'
compiling dcmi_ov9655.c...
..\dcmi_ov9655.c(530): error:  #513: a value of type "char *" cannot be assigned to an entity of type "uint32_t"
Target not created
Build target 'STM324x7I_EVAL'
compiling main.c...
..\main.c(173): warning:  #177-D: function "ADC_Config" was declared but never referenced
compiling dcmi_ov9655.c...
..\dcmi_ov9655.c(530): error:  #513: a value of type "char *" cannot be assigned to an entity of type "uint32_t"
Target not created
Build target 'STM324x7I_EVAL'
compiling main.c...
..\main.c(173): warning:  #177-D: function "ADC_Config" was declared but never referenced
compiling dcmi_ov9655.c...
..\dcmi_ov9655.c(530): error:  #513: a value of type "char *" cannot be assigned to an entity of type "uint32_t"
Target not created
Build target 'STM324x7I_EVAL'
compiling dcmi_ov9655.c...
..\dcmi_ov9655.c(530): error:  #513: a value of type "uint32_t *" cannot be assigned to an entity of type "uint32_t"
Target not created
Build target 'STM324x7I_EVAL'
compiling dcmi_ov9655.c...
linking...
Program Size: Code=4628 RO-data=5120 RW-data=728 ZI-data=39440  
FromELF: creating hex file...
".\STM324x7I_EVAL\STM324x7I_EVAL.axf" - 0 Error(s), 0 Warning(s).
Load "C:\\Users\\Evan\\Desktop\\STM32F4-workarea\\Project\\STM32F4xx_StdPeriph_Templates\\MDK-ARM\\STM324x7I_EVAL\\STM324x7I_EVAL.AXF" 
Erase Done.
Programming Done.
Verify OK.
Build target 'STM324x7I_EVAL'
compiling dcmi_ov9655.c...
linking...
Program Size: Code=4632 RO-data=5120 RW-data=728 ZI-data=39440  
FromELF: creating hex file...
".\STM324x7I_EVAL\STM324x7I_EVAL.axf" - 0 Error(s), 0 Warning(s).
Load "C:\\Users\\Evan\\Desktop\\STM32F4-workarea\\Project\\STM32F4xx_StdPeriph_Templates\\MDK-ARM\\STM324x7I_EVAL\\STM324x7I_EVAL.AXF" 
Erase Done.
Programming Done.
Verify OK.
Build target 'STM324x7I_EVAL'
compiling main.c...
..\main.c(169): warning:  #177-D: function "ADC_Config" was declared but never referenced
linking...
Program Size: Code=4588 RO-data=5120 RW-data=728 ZI-data=39440  
FromELF: creating hex file...
".\STM324x7I_EVAL\STM324x7I_EVAL.axf" - 0 Error(s), 1 Warning(s).
Load "C:\\Users\\Evan\\Desktop\\STM32F4-workarea\\Project\\STM32F4xx_StdPeriph_Templates\\MDK-ARM\\STM324x7I_EVAL\\STM324x7I_EVAL.AXF" 
Erase Done.
Programming Done.
Verify OK.
Build target 'STM324x7I_EVAL'
linking...
Program Size: Code=4588 RO-data=5120 RW-data=728 ZI-data=39440  
FromELF: creating hex file...
".\STM324x7I_EVAL\STM324x7I_EVAL.axf" - 0 Error(s), 0 Warning(s).
Load "C:\\Users\\Evan\\Desktop\\STM32F4-workarea\\Project\\STM32F4xx_StdPeriph_Templates\\MDK-ARM\\STM324x7I_EVAL\\STM324x7I_EVAL.AXF" 
Erase Done.
Programming Done.
Verify OK.
Build target 'STM324x7I_EVAL'
compiling main.c...
..\main.c(169): warning:  #177-D: function "ADC_Config" was declared but never referenced
linking...
Program Size: Code=4592 RO-data=5120 RW-data=728 ZI-data=39440  
FromELF: creating hex file...
".\STM324x7I_EVAL\STM324x7I_EVAL.axf" - 0 Error(s), 1 Warning(s).
Load "C:\\Users\\Evan\\Desktop\\STM32F4-workarea\\Project\\STM32F4xx_StdPeriph_Templates\\MDK-ARM\\STM324x7I_EVAL\\STM324x7I_EVAL.AXF" 
Erase Done.
Programming Done.
Verify OK.
Build target 'STM324x7I_EVAL'
compiling dcmi_ov9655.c...
linking...
Program Size: Code=4588 RO-data=5120 RW-data=728 ZI-data=1040  
FromELF: creating hex file...
".\STM324x7I_EVAL\STM324x7I_EVAL.axf" - 0 Error(s), 0 Warning(s).
Load "C:\\Users\\Evan\\Desktop\\STM32F4-workarea\\Project\\STM32F4xx_StdPeriph_Templates\\MDK-ARM\\STM324x7I_EVAL\\STM324x7I_EVAL.AXF" 
Erase Done.
Programming Done.
Verify OK.
Build target 'STM324x7I_EVAL'
compiling dcmi_ov9655.c...
linking...
Program Size: Code=4592 RO-data=5120 RW-data=728 ZI-data=1040  
FromELF: creating hex file...
".\STM324x7I_EVAL\STM324x7I_EVAL.axf" - 0 Error(s), 0 Warning(s).
Load "C:\\Users\\Evan\\Desktop\\STM32F4-workarea\\Project\\STM32F4xx_StdPeriph_Templates\\MDK-ARM\\STM324x7I_EVAL\\STM324x7I_EVAL.AXF" 
Erase Done.
Programming Done.
Verify OK.
Load "C:\\Users\\Evan\\Desktop\\STM32F4-workarea\\Project\\STM32F4xx_StdPeriph_Templates\\MDK-ARM\\STM324x7I_EVAL\\STM324x7I_EVAL.AXF" 
Erase Done.
Programming Done.
Verify OK.
Build target 'STM324x7I_EVAL'
compiling main.c...
..\main.c(53): warning:  #1296-D: extended constant initialiser used
..\main.c(61): error:  #147: declaration is incompatible with "uint32_t mem_addr" (declared at line 53)
..\main.c(170): warning:  #177-D: function "ADC_Config" was declared but never referenced
Target not created
Build target 'STM324x7I_EVAL'
compiling main.c...
..\main.c(53): warning:  #1296-D: extended constant initialiser used
..\main.c(61): error:  #147: declaration is incompatible with "uint32_t mem_addr" (declared at line 53)
..\main.c(170): warning:  #177-D: function "ADC_Config" was declared but never referenced
Target not created
Build target 'STM324x7I_EVAL'
compiling main.c...
..\main.c(53): warning:  #1296-D: extended constant initialiser used
..\main.c(170): warning:  #177-D: function "ADC_Config" was declared but never referenced
linking...
Program Size: Code=4592 RO-data=5120 RW-data=728 ZI-data=1040  
FromELF: creating hex file...
".\STM324x7I_EVAL\STM324x7I_EVAL.axf" - 0 Error(s), 2 Warning(s).
Load "C:\\Users\\Evan\\Desktop\\STM32F4-workarea\\Project\\STM32F4xx_StdPeriph_Templates\\MDK-ARM\\STM324x7I_EVAL\\STM324x7I_EVAL.AXF" 
Erase Done.
Programming Done.
Verify OK.
Load "C:\\Users\\Evan\\Desktop\\STM32F4-workarea\\Project\\STM32F4xx_StdPeriph_Templates\\MDK-ARM\\STM324x7I_EVAL\\STM324x7I_EVAL.AXF" 
Erase Done.
Programming Done.
Verify OK.
Build target 'STM324x7I_EVAL'
compiling camera_api.c...
compiling dcmi_ov9655.c...
linking...
Program Size: Code=4588 RO-data=5120 RW-data=728 ZI-data=1040  
FromELF: creating hex file...
".\STM324x7I_EVAL\STM324x7I_EVAL.axf" - 0 Error(s), 0 Warning(s).
Load "C:\\Users\\Evan\\Desktop\\STM32F4-workarea\\Project\\STM32F4xx_StdPeriph_Templates\\MDK-ARM\\STM324x7I_EVAL\\STM324x7I_EVAL.AXF" 
Erase Done.
Programming Done.
Verify OK.
Build target 'STM324x7I_EVAL'
compiling dcmi_ov9655.c...
linking...
Program Size: Code=4588 RO-data=5120 RW-data=728 ZI-data=1040  
FromELF: creating hex file...
".\STM324x7I_EVAL\STM324x7I_EVAL.axf" - 0 Error(s), 0 Warning(s).
Rebuild target 'STM324x7I_EVAL'
compiling stm32f4xx_it.c...
compiling main.c...
..\main.c(53): warning:  #1296-D: extended constant initialiser used
..\main.c(170): warning:  #177-D: function "ADC_Config" was declared but never referenced
compiling camera_api.c...
compiling dcmi_ov2640.c...
compiling dcmi_ov9655.c...
compiling stm324x7i_eval.c...
compiling stm324x7i_eval_lcd.c...
compiling stm324x7i_eval_ioe.c...
compiling stm324x7i_eval_fsmc_sram.c...
compiling misc.c...
compiling stm32f4xx_adc.c...
compiling stm32f4xx_can.c...
compiling stm32f4xx_crc.c...
compiling stm32f4xx_cryp.c...
compiling stm32f4xx_cryp_aes.c...
compiling stm32f4xx_cryp_des.c...
compiling stm32f4xx_cryp_tdes.c...
compiling stm32f4xx_dac.c...
compiling stm32f4xx_dbgmcu.c...
compiling stm32f4xx_dcmi.c...
..\..\..\Libraries\STM32F4xx_StdPeriph_Driver\src\stm32f4xx_dcmi.c(146): warning:  #177-D: variable "it_temp" was declared but never referenced
compiling stm32f4xx_dma.c...
compiling stm32f4xx_exti.c...
compiling stm32f4xx_flash.c...
compiling stm32f4xx_fsmc.c...
compiling stm32f4xx_gpio.c...
compiling stm32f4xx_hash.c...
compiling stm32f4xx_hash_md5.c...
compiling stm32f4xx_hash_sha1.c...
compiling stm32f4xx_i2c.c...
compiling stm32f4xx_iwdg.c...
compiling stm32f4xx_pwr.c...
compiling stm32f4xx_rcc.c...
compiling stm32f4xx_rng.c...
compiling stm32f4xx_rtc.c...
compiling stm32f4xx_sdio.c...
compiling stm32f4xx_spi.c...
compiling stm32f4xx_syscfg.c...
compiling stm32f4xx_tim.c...
compiling stm32f4xx_usart.c...
compiling stm32f4xx_wwdg.c...
compiling system_stm32f4xx.c...
assembling startup_stm32f40xx.s...
linking...
Program Size: Code=4588 RO-data=5120 RW-data=728 ZI-data=1040  
FromELF: creating hex file...
".\STM324x7I_EVAL\STM324x7I_EVAL.axf" - 0 Error(s), 3 Warning(s).
Load "C:\\Users\\Evan\\Desktop\\STM32F4-workarea\\Project\\STM32F4xx_StdPeriph_Templates\\MDK-ARM\\STM324x7I_EVAL\\STM324x7I_EVAL.AXF" 
Erase Done.
Programming Done.
Verify OK.
Build target 'STM324x7I_EVAL'
compiling main.c...
..\main.c(53): warning:  #1296-D: extended constant initialiser used
..\main.c(55): warning:  #1296-D: extended constant initialiser used
..\main.c(171): warning:  #177-D: function "ADC_Config" was declared but never referenced
linking...
Program Size: Code=4588 RO-data=5120 RW-data=728 ZI-data=1040  
FromELF: creating hex file...
".\STM324x7I_EVAL\STM324x7I_EVAL.axf" - 0 Error(s), 3 Warning(s).
Load "C:\\Users\\Evan\\Desktop\\STM32F4-workarea\\Project\\STM32F4xx_StdPeriph_Templates\\MDK-ARM\\STM324x7I_EVAL\\STM324x7I_EVAL.AXF" 
Erase Done.
Programming Done.
Verify OK.
Rebuild target 'STM324x7I_EVAL'
compiling stm32f4xx_it.c...
compiling main.c...
..\main.c(53): warning:  #1296-D: extended constant initialiser used
..\main.c(55): warning:  #1296-D: extended constant initialiser used
..\main.c(172): warning:  #177-D: function "ADC_Config" was declared but never referenced
compiling camera_api.c...
compiling dcmi_ov2640.c...
compiling dcmi_ov9655.c...
compiling stm324x7i_eval.c...
compiling stm324x7i_eval_lcd.c...
compiling stm324x7i_eval_ioe.c...
compiling stm324x7i_eval_fsmc_sram.c...
compiling misc.c...
compiling stm32f4xx_adc.c...
compiling stm32f4xx_can.c...
compiling stm32f4xx_crc.c...
compiling stm32f4xx_cryp.c...
compiling stm32f4xx_cryp_aes.c...
compiling stm32f4xx_cryp_des.c...
compiling stm32f4xx_cryp_tdes.c...
compiling stm32f4xx_dac.c...
compiling stm32f4xx_dbgmcu.c...
compiling stm32f4xx_dcmi.c...
..\..\..\Libraries\STM32F4xx_StdPeriph_Driver\src\stm32f4xx_dcmi.c(146): warning:  #177-D: variable "it_temp" was declared but never referenced
compiling stm32f4xx_dma.c...
compiling stm32f4xx_exti.c...
compiling stm32f4xx_flash.c...
compiling stm32f4xx_fsmc.c...
compiling stm32f4xx_gpio.c...
compiling stm32f4xx_hash.c...
compiling stm32f4xx_hash_md5.c...
compiling stm32f4xx_hash_sha1.c...
compiling stm32f4xx_i2c.c...
compiling stm32f4xx_iwdg.c...
compiling stm32f4xx_pwr.c...
compiling stm32f4xx_rcc.c...
compiling stm32f4xx_rng.c...
compiling stm32f4xx_rtc.c...
compiling stm32f4xx_sdio.c...
compiling stm32f4xx_spi.c...
compiling stm32f4xx_syscfg.c...
compiling stm32f4xx_tim.c...
compiling stm32f4xx_usart.c...
compiling stm32f4xx_wwdg.c...
compiling system_stm32f4xx.c...
assembling startup_stm32f40xx.s...
linking...
Program Size: Code=4512 RO-data=5120 RW-data=728 ZI-data=1040  
FromELF: creating hex file...
".\STM324x7I_EVAL\STM324x7I_EVAL.axf" - 0 Error(s), 4 Warning(s).
Load "C:\\Users\\Evan\\Desktop\\STM32F4-workarea\\Project\\STM32F4xx_StdPeriph_Templates\\MDK-ARM\\STM324x7I_EVAL\\STM324x7I_EVAL.AXF" 
Erase Done.
Programming Done.
Verify OK.
Build target 'STM324x7I_EVAL'
compiling dcmi_ov9655.c...
linking...
Program Size: Code=4512 RO-data=5120 RW-data=728 ZI-data=1040  
FromELF: creating hex file...
".\STM324x7I_EVAL\STM324x7I_EVAL.axf" - 0 Error(s), 0 Warning(s).
Load "C:\\Users\\Evan\\Desktop\\STM32F4-workarea\\Project\\STM32F4xx_StdPeriph_Templates\\MDK-ARM\\STM324x7I_EVAL\\STM324x7I_EVAL.AXF" 
Erase Done.
Programming Done.
Verify OK.
Build target 'STM324x7I_EVAL'
compiling main.c...
..\main.c(172): warning:  #177-D: function "ADC_Config" was declared but never referenced
linking...
Program Size: Code=4512 RO-data=5120 RW-data=728 ZI-data=1040  
FromELF: creating hex file...
".\STM324x7I_EVAL\STM324x7I_EVAL.axf" - 0 Error(s), 1 Warning(s).
Load "C:\\Users\\Evan\\Desktop\\STM32F4-workarea\\Project\\STM32F4xx_StdPeriph_Templates\\MDK-ARM\\STM324x7I_EVAL\\STM324x7I_EVAL.AXF" 
Erase Done.
Programming Done.
Verify OK.
Build target 'STM324x7I_EVAL'
compiling main.c...
..\main.c(62): error:  #28: expression must have a constant value
..\main.c(172): warning:  #177-D: function "ADC_Config" was declared but never referenced
Target not created
Build target 'STM324x7I_EVAL'
compiling main.c...
..\main.c(62): warning:  #1296-D: extended constant initialiser used
..\main.c(172): warning:  #177-D: function "ADC_Config" was declared but never referenced
linking...
Program Size: Code=4588 RO-data=5120 RW-data=728 ZI-data=1040  
FromELF: creating hex file...
".\STM324x7I_EVAL\STM324x7I_EVAL.axf" - 0 Error(s), 2 Warning(s).
Load "C:\\Users\\Evan\\Desktop\\STM32F4-workarea\\Project\\STM32F4xx_StdPeriph_Templates\\MDK-ARM\\STM324x7I_EVAL\\STM324x7I_EVAL.AXF" 
Erase Done.
Programming Done.
Verify OK.
Build target 'STM324x7I_EVAL'
linking...
Program Size: Code=4588 RO-data=5120 RW-data=728 ZI-data=1040  
FromELF: creating hex file...
".\STM324x7I_EVAL\STM324x7I_EVAL.axf" - 0 Error(s), 0 Warning(s).
Load "C:\\Users\\Evan\\Desktop\\STM32F4-workarea\\Project\\STM32F4xx_StdPeriph_Templates\\MDK-ARM\\STM324x7I_EVAL\\STM324x7I_EVAL.AXF" 
Erase Done.
Programming Done.
Verify OK.
Build target 'STM324x7I_EVAL'
compiling main.c...
..\main.c(62): warning:  #1296-D: extended constant initialiser used
..\main.c(172): warning:  #177-D: function "ADC_Config" was declared but never referenced
linking...
Program Size: Code=4600 RO-data=5120 RW-data=732 ZI-data=1044  
FromELF: creating hex file...
".\STM324x7I_EVAL\STM324x7I_EVAL.axf" - 0 Error(s), 2 Warning(s).
Load "C:\\Users\\Evan\\Desktop\\STM32F4-workarea\\Project\\STM32F4xx_StdPeriph_Templates\\MDK-ARM\\STM324x7I_EVAL\\STM324x7I_EVAL.AXF" 
Erase Done.
Programming Done.
Verify OK.
Build target 'STM324x7I_EVAL'
compiling main.c...
..\main.c(53): warning:  #1296-D: extended constant initialiser used
..\main.c(55): warning:  #1296-D: extended constant initialiser used
..\main.c(62): warning:  #1296-D: extended constant initialiser used
..\main.c(67): error:  #148: variable "screenBufferAddr" has already been initialized
..\main.c(67): warning:  #1296-D: extended constant initialiser used
..\main.c(68): error:  #148: variable "ret_val" has already been initialized
..\main.c(69): error:  #148: variable "ret_val_addr" has already been initialized
..\main.c(69): warning:  #1296-D: extended constant initialiser used
..\main.c(179): warning:  #177-D: function "ADC_Config" was declared but never referenced
Target not created
Build target 'STM324x7I_EVAL'
compiling main.c...
..\main.c(58): warning:  #1296-D: extended constant initialiser used
..\main.c(63): warning:  #1296-D: extended constant initialiser used
..\main.c(65): warning:  #1296-D: extended constant initialiser used
..\main.c(175): warning:  #177-D: function "ADC_Config" was declared but never referenced
linking...
Program Size: Code=4604 RO-data=5120 RW-data=748 ZI-data=39444  
FromELF: creating hex file...
".\STM324x7I_EVAL\STM324x7I_EVAL.axf" - 0 Error(s), 4 Warning(s).
Build target 'STM324x7I_EVAL'
linking...
Program Size: Code=4604 RO-data=5120 RW-data=748 ZI-data=39444  
FromELF: creating hex file...
".\STM324x7I_EVAL\STM324x7I_EVAL.axf" - 0 Error(s), 0 Warning(s).
Load "C:\\Users\\Evan\\Desktop\\STM32F4-workarea\\Project\\STM32F4xx_StdPeriph_Templates\\MDK-ARM\\STM324x7I_EVAL\\STM324x7I_EVAL.AXF" 
Erase Done.
Programming Done.
Verify OK.
Build target 'STM324x7I_EVAL'
compiling main.c...
..\main.c(61): warning:  #1296-D: extended constant initialiser used
..\main.c(169): warning:  #177-D: function "ADC_Config" was declared but never referenced
compiling dcmi_ov9655.c...
linking...
Program Size: Code=4592 RO-data=5120 RW-data=732 ZI-data=39444  
FromELF: creating hex file...
".\STM324x7I_EVAL\STM324x7I_EVAL.axf" - 0 Error(s), 2 Warning(s).
Load "C:\\Users\\Evan\\Desktop\\STM32F4-workarea\\Project\\STM32F4xx_StdPeriph_Templates\\MDK-ARM\\STM324x7I_EVAL\\STM324x7I_EVAL.AXF" 
Erase Done.
Programming Done.
Verify OK.
Build target 'STM324x7I_EVAL'
compiling main.c...
..\main.c(61): warning:  #1296-D: extended constant initialiser used
..\main.c(169): warning:  #177-D: function "ADC_Config" was declared but never referenced
compiling dcmi_ov9655.c...
linking...
Program Size: Code=4592 RO-data=5120 RW-data=732 ZI-data=39444  
FromELF: creating hex file...
".\STM324x7I_EVAL\STM324x7I_EVAL.axf" - 0 Error(s), 2 Warning(s).
Load "C:\\Users\\Evan\\Desktop\\STM32F4-workarea\\Project\\STM32F4xx_StdPeriph_Templates\\MDK-ARM\\STM324x7I_EVAL\\STM324x7I_EVAL.AXF" 
Erase Done.
Programming Done.
Verify OK.
Build target 'STM324x7I_EVAL'
compiling dcmi_ov9655.c...
linking...
Program Size: Code=4588 RO-data=5120 RW-data=732 ZI-data=39444  
FromELF: creating hex file...
".\STM324x7I_EVAL\STM324x7I_EVAL.axf" - 0 Error(s), 0 Warning(s).
Load "C:\\Users\\Evan\\Desktop\\STM32F4-workarea\\Project\\STM32F4xx_StdPeriph_Templates\\MDK-ARM\\STM324x7I_EVAL\\STM324x7I_EVAL.AXF" 
Erase Done.
Programming Done.
Verify OK.
Build target 'STM324x7I_EVAL'
compiling dcmi_ov9655.c...
linking...
Program Size: Code=4588 RO-data=5120 RW-data=728 ZI-data=1040  
FromELF: creating hex file...
".\STM324x7I_EVAL\STM324x7I_EVAL.axf" - 0 Error(s), 0 Warning(s).
Build target 'STM324x7I_EVAL'
compiling dcmi_ov9655.c...
linking...
Program Size: Code=4592 RO-data=5120 RW-data=732 ZI-data=39444  
FromELF: creating hex file...
".\STM324x7I_EVAL\STM324x7I_EVAL.axf" - 0 Error(s), 0 Warning(s).
Load "C:\\Users\\Evan\\Desktop\\STM32F4-workarea\\Project\\STM32F4xx_StdPeriph_Templates\\MDK-ARM\\STM324x7I_EVAL\\STM324x7I_EVAL.AXF" 
Erase Done.
Programming Done.
Verify OK.
Build target 'STM324x7I_EVAL'
compiling dcmi_ov9655.c...
linking...
Program Size: Code=4592 RO-data=5120 RW-data=732 ZI-data=39444  
FromELF: creating hex file...
".\STM324x7I_EVAL\STM324x7I_EVAL.axf" - 0 Error(s), 0 Warning(s).
Load "C:\\Users\\Evan\\Desktop\\STM32F4-workarea\\Project\\STM32F4xx_StdPeriph_Templates\\MDK-ARM\\STM324x7I_EVAL\\STM324x7I_EVAL.AXF" 
Erase Done.
Programming Done.
Verify OK.
Build target 'STM324x7I_EVAL'
compiling dcmi_ov9655.c...
linking...
Program Size: Code=4592 RO-data=5120 RW-data=732 ZI-data=39444  
FromELF: creating hex file...
".\STM324x7I_EVAL\STM324x7I_EVAL.axf" - 0 Error(s), 0 Warning(s).
Load "C:\\Users\\Evan\\Desktop\\STM32F4-workarea\\Project\\STM32F4xx_StdPeriph_Templates\\MDK-ARM\\STM324x7I_EVAL\\STM324x7I_EVAL.AXF" 
Erase Done.
Programming Done.
Verify OK.
Build target 'STM324x7I_EVAL'
compiling dcmi_ov9655.c...
linking...
Program Size: Code=4592 RO-data=5120 RW-data=732 ZI-data=39444  
FromELF: creating hex file...
".\STM324x7I_EVAL\STM324x7I_EVAL.axf" - 0 Error(s), 0 Warning(s).
Load "C:\\Users\\Evan\\Desktop\\STM32F4-workarea\\Project\\STM32F4xx_StdPeriph_Templates\\MDK-ARM\\STM324x7I_EVAL\\STM324x7I_EVAL.AXF" 
Erase Done.
Programming Done.
Verify OK.
Build target 'STM324x7I_EVAL'
compiling dcmi_ov9655.c...
linking...
Program Size: Code=4592 RO-data=5120 RW-data=732 ZI-data=39444  
FromELF: creating hex file...
".\STM324x7I_EVAL\STM324x7I_EVAL.axf" - 0 Error(s), 0 Warning(s).
Load "C:\\Users\\Evan\\Desktop\\STM32F4-workarea\\Project\\STM32F4xx_StdPeriph_Templates\\MDK-ARM\\STM324x7I_EVAL\\STM324x7I_EVAL.AXF" 
Erase Done.
Programming Done.
Verify OK.
Build target 'STM324x7I_EVAL'
compiling dcmi_ov9655.c...
linking...
Program Size: Code=4588 RO-data=5120 RW-data=732 ZI-data=39444  
FromELF: creating hex file...
".\STM324x7I_EVAL\STM324x7I_EVAL.axf" - 0 Error(s), 0 Warning(s).
Load "C:\\Users\\Evan\\Desktop\\STM32F4-workarea\\Project\\STM32F4xx_StdPeriph_Templates\\MDK-ARM\\STM324x7I_EVAL\\STM324x7I_EVAL.AXF" 
Erase Done.
Programming Done.
Verify OK.
Build target 'STM324x7I_EVAL'
compiling dcmi_ov9655.c...
linking...
Program Size: Code=4592 RO-data=5120 RW-data=732 ZI-data=39444  
FromELF: creating hex file...
".\STM324x7I_EVAL\STM324x7I_EVAL.axf" - 0 Error(s), 0 Warning(s).
Load "C:\\Users\\Evan\\Desktop\\STM32F4-workarea\\Project\\STM32F4xx_StdPeriph_Templates\\MDK-ARM\\STM324x7I_EVAL\\STM324x7I_EVAL.AXF" 
Erase Done.
Programming Done.
Verify OK.
Build target 'STM324x7I_EVAL'
compiling dcmi_ov9655.c...
linking...
Program Size: Code=4588 RO-data=5120 RW-data=728 ZI-data=1040  
FromELF: creating hex file...
".\STM324x7I_EVAL\STM324x7I_EVAL.axf" - 0 Error(s), 0 Warning(s).
Load "C:\\Users\\Evan\\Desktop\\STM32F4-workarea\\Project\\STM32F4xx_StdPeriph_Templates\\MDK-ARM\\STM324x7I_EVAL\\STM324x7I_EVAL.AXF" 
Erase Done.
Programming Done.
Verify OK.
Build target 'STM324x7I_EVAL'
compiling dcmi_ov9655.c...
linking...
Program Size: Code=4588 RO-data=5120 RW-data=728 ZI-data=1040  
FromELF: creating hex file...
".\STM324x7I_EVAL\STM324x7I_EVAL.axf" - 0 Error(s), 0 Warning(s).
Load "C:\\Users\\Evan\\Desktop\\STM32F4-workarea\\Project\\STM32F4xx_StdPeriph_Templates\\MDK-ARM\\STM324x7I_EVAL\\STM324x7I_EVAL.AXF" 
Erase Done.
Programming Done.
Verify OK.
